
T11313.hs:5:13: error:
    • Expected kind ‘* -> *’, but ‘*’ has kind ‘*’
    • In the type ‘(*)’
      In the expression: fmap @(*)
      In an equation for ‘x’: x = fmap @(*)
