class (a ~ b) => (~) (a :: k0) (b :: k0) 	-- Defined in ‘GHC.Types’
(~) :: k0 -> k0 -> Constraint
class (a GHC.Prim.~# b) => (~) (a :: k0) (b :: k0)
  	-- Defined in ‘GHC.Types’
