
typeops_C.hs:1:12: error: Operator applied to too few arguments: +
