
typeops_B.hs:1:10: error: Operator applied to too few arguments: +
