
OverDirectThisModB.hs:7:15: error:
    Conflicting family instance declarations:
      C [Int] [a] -- Defined at OverDirectThisModB.hs:7:15
      C [a] [Int] -- Defined at OverDirectThisModC.hs:10:15

OverDirectThisModB.hs:9:15: error:
    Conflicting family instance declarations:
      D [Int] [a] = Int -- Defined at OverDirectThisModB.hs:9:15
      D [a] [Int] = Char -- Defined at OverDirectThisModC.hs:12:15
