
OverIndirectThisModB.hs:7:15: error:
    Conflicting family instance declarations:
      C [Int] [a] -- Defined at OverIndirectThisModB.hs:7:15
      C [a] [Int] -- Defined at OverIndirectThisModD.hs:11:15

OverIndirectThisModB.hs:9:15: error:
    Conflicting family instance declarations:
      D [Int] [a] = Int -- Defined at OverIndirectThisModB.hs:9:15
      D [a] [Int] = Char -- Defined at OverIndirectThisModD.hs:13:15
