
SimpleFail2b.hs:9:11: error:
    Conflicting family instance declarations:
      Sd Int -- Defined at SimpleFail2b.hs:9:11
      Sd Int -- Defined at SimpleFail2b.hs:10:11
