
T15172.hs:11:10: error:
    • Illegal nested constraint ‘F a’
      (Use UndecidableInstances to permit this)
    • In the instance declaration for ‘C [[a]]’
