
T15343.hs:14:18: error:
    • Expecting one more argument to ‘WhySym’
      Expected kind ‘forall z. z’, but ‘WhySym’ has kind ‘* -> *’
    • In the type ‘WhySym’
      In the expression: elimSing @WhySym
      In an equation for ‘hsym’: hsym = elimSing @WhySym
