
DuplicateExports.hs:6:29: error: [-Wduplicate-exports (in -Wdefault), -Werror=duplicate-exports]
    ‘foo’ is exported by ‘foo’ and ‘T(foo, bar)’
