({ T15242.hs:6:5-41 }
(HsPar
({ T15242.hs:6:6-40 }
(HsPar
({ T15242.hs:6:7-39 }
(HsPar
({ T15242.hs:6:8-35 }
(HsPar
({ T15242.hs:6:9-34 }
(HsPar
({ T15242.hs:6:10-33 }
(HsPar
({ T15242.hs:6:11-29 }
(HsPar
({ T15242.hs:6:12-25 }
(HsPar
({ T15242.hs:6:13-21 }
(HsPar
({ T15242.hs:6:14-20 }
(HsPar
({ T15242.hs:5:5-17 }
(HsPar
({ T15242.hs:5:6-16 }
(HsPar
({ T15242.hs:5:7-13 }
(HsPar
({ T15242.hs:5:19-37 }
(HsPar
({ T15242.hs:5:20-32 }
(HsPar
({ T15242.hs:5:21-31 }
(HsPar
({ T15242.hs:5:22-26 }
(HsPar
