
deriving-via-fail3.hs:3:1: error:
    Illegal deriving strategy: via
    Use DerivingVia to enable this extension
