[1 of 1] Compiling Main             ( plugin-recomp-test.hs, plugin-recomp-test.o )
Linking plugin-recomp-test ...
[1 of 1] Compiling Main             ( plugin-recomp-test.hs, plugin-recomp-test.o ) [Plugin fingerprint changed]
Linking plugin-recomp-test ...
