
==================== Parser AST ====================

({ T15323.hs:1:1 }
 (HsModule
  (Just
   ({ T15323.hs:3:8-13 }
    {ModuleName: T15323}))
  (Nothing)
  []
  [({ T15323.hs:(5,1)-(6,56) }
    (TyClD
     (NoExt)
     (DataDecl
      (NoExt)
      ({ T15323.hs:5:6-17 }
       (Unqual
        {OccName: MaybeDefault}))
      (HsQTvs
       (NoExt)
       [({ T15323.hs:5:19 }
         (UserTyVar
          (NoExt)
          ({ T15323.hs:5:19 }
           (Unqual
            {OccName: v}))))])
      (Prefix)
      (HsDataDefn
       (NoExt)
       (DataType)
       ({ <no location info> }
        [])
       (Nothing)
       (Nothing)
       [({ T15323.hs:6:5-56 }
         (ConDeclGADT
          (NoExt)
          [({ T15323.hs:6:5-14 }
            (Unqual
             {OccName: TestParens}))]
          ({ T15323.hs:6:21-55 }
           (True))
          (HsQTvs
           (NoExt)
           [({ T15323.hs:6:28 }
             (UserTyVar
              (NoExt)
              ({ T15323.hs:6:28 }
               (Unqual
                {OccName: v}))))])
          (Just
           ({ T15323.hs:6:32-37 }
            [({ T15323.hs:6:32-37 }
              (HsParTy
               (NoExt)
               ({ T15323.hs:6:33-36 }
                (HsAppTy
                 (NoExt)
                 ({ T15323.hs:6:33-34 }
                  (HsTyVar
                   (NoExt)
                   (NotPromoted)
                   ({ T15323.hs:6:33-34 }
                    (Unqual
                     {OccName: Eq}))))
                 ({ T15323.hs:6:36 }
                  (HsTyVar
                   (NoExt)
                   (NotPromoted)
                   ({ T15323.hs:6:36 }
                    (Unqual
                     {OccName: v}))))))))]))
          (PrefixCon
           [])
          ({ T15323.hs:6:42-55 }
           (HsAppTy
            (NoExt)
            ({ T15323.hs:6:42-53 }
             (HsTyVar
              (NoExt)
              (NotPromoted)
              ({ T15323.hs:6:42-53 }
               (Unqual
                {OccName: MaybeDefault}))))
            ({ T15323.hs:6:55 }
             (HsTyVar
              (NoExt)
              (NotPromoted)
              ({ T15323.hs:6:55 }
               (Unqual
                {OccName: v}))))))
          (Nothing)))]
       ({ <no location info> }
        [])))))]
  (Nothing)
  (Nothing)))
